// Vitest Snapshot v1, https://vitest.dev/guide/snapshot.html

exports[`Button matches snapshot 1`] = `
<DocumentFragment>
  <button
    class="font-bold focus:ring-4 text-xl rounded-lg mr-2 mb-2 focus:outline-none text-white bg-blue-700 hover:bg-blue-800 focus:ring-blue-300 dark:bg-blue-600 dark:hover:bg-blue-700 dark:focus:ring-blue-800 px-5 py-2.5"
  >
    Snapshot Test
  </button>
</DocumentFragment>
`;
